




:warning: Some errors occurred:

- nothing but failure
