*Test clusters that should be deleted*

- `gaia` / `def34`
- `ginger` / `abc12`


Please check <https://intranet.giantswarm.io/docs/dev-and-releng/test-environments/|our policy> on how to keep test clusters alive.

Some errors occurred:

- First error
- Second error
